08-28 19:52:12.152  8170  8191 I TestRunner: started: horizontal_scroll_content_at_first_position(com.example.dogglers.HorizontalListTests)
08-28 19:52:12.157  8170  8191 W Settings: Setting always_finish_activities has moved from android.provider.Settings.System to android.provider.Settings.Global, returning read-only value.
08-28 19:52:12.170   922   988 D SplashScreenView: Build android.window.SplashScreenView{8b728e8 V.E...... ......ID 0,0-0,0}
08-28 19:52:12.170   922   988 D SplashScreenView: Icon: view: null drawable: null size: 0
08-28 19:52:12.170   922   988 D SplashScreenView: Branding: view: android.view.View{fe34b01 G.ED..... ......I. 0,0-0,0 #10204a6 android:id/splashscreen_branding_view} drawable: null size w: 0 h: 0
08-28 19:52:12.193  8170  8170 D LifecycleMonitor: Lifecycle status change: androidx.test.core.app.InstrumentationActivityInvoker$BootstrapActivity@b15b203 in: PRE_ON_CREATE
08-28 19:52:12.193  8170  8170 V ActivityScenario: Activity lifecycle changed event received but ignored because the intent does not match. startActivityIntent=Intent { act=android.intent.action.MAIN cat=[android.intent.category.LAUNCHER] cmp=com.example.dogglers/.HorizontalListActivity }, activity.getIntent()=Intent { act=android.intent.action.MAIN cat=[android.intent.category.LAUNCHER] flg=0x10008000 cmp=com.example.dogglers/androidx.test.core.app.InstrumentationActivityInvoker$BootstrapActivity (has extras) }, activity=androidx.test.core.app.InstrumentationActivityInvoker$BootstrapActivity@b15b203
08-28 19:52:12.194   365   405 D goldfish-address-space: claimShared: Ask to claim region [0x3f32e8000 0x3f3c8c000]
08-28 19:52:12.198   365   405 D goldfish-address-space: claimShared: Ask to claim region [0x3f0000000 0x3f09a4000]
08-28 19:52:12.205   365   405 D goldfish-address-space: claimShared: Ask to claim region [0x3f09a4000 0x3f1348000]
08-28 19:52:12.221  8170  8170 D LifecycleMonitor: Lifecycle status change: androidx.test.core.app.InstrumentationActivityInvoker$BootstrapActivity@b15b203 in: CREATED
08-28 19:52:12.223  8170  8170 V ActivityScenario: Activity lifecycle changed event received but ignored because the intent does not match. startActivityIntent=Intent { act=android.intent.action.MAIN cat=[android.intent.category.LAUNCHER] cmp=com.example.dogglers/.HorizontalListActivity }, activity.getIntent()=Intent { act=android.intent.action.MAIN cat=[android.intent.category.LAUNCHER] flg=0x10008000 cmp=com.example.dogglers/androidx.test.core.app.InstrumentationActivityInvoker$BootstrapActivity (has extras) }, activity=androidx.test.core.app.InstrumentationActivityInvoker$BootstrapActivity@b15b203
08-28 19:52:12.225  8170  8170 D LifecycleMonitor: Lifecycle status change: androidx.test.core.app.InstrumentationActivityInvoker$BootstrapActivity@b15b203 in: STARTED
08-28 19:52:12.225  8170  8170 V ActivityScenario: Activity lifecycle changed event received but ignored because the intent does not match. startActivityIntent=Intent { act=android.intent.action.MAIN cat=[android.intent.category.LAUNCHER] cmp=com.example.dogglers/.HorizontalListActivity }, activity.getIntent()=Intent { act=android.intent.action.MAIN cat=[android.intent.category.LAUNCHER] flg=0x10008000 cmp=com.example.dogglers/androidx.test.core.app.InstrumentationActivityInvoker$BootstrapActivity (has extras) }, activity=androidx.test.core.app.InstrumentationActivityInvoker$BootstrapActivity@b15b203
08-28 19:52:12.231  8170  8170 D LifecycleMonitor: Lifecycle status change: androidx.test.core.app.InstrumentationActivityInvoker$BootstrapActivity@b15b203 in: RESUMED
08-28 19:52:12.233  8170  8170 V ActivityScenario: Activity lifecycle changed event received but ignored because the intent does not match. startActivityIntent=Intent { act=android.intent.action.MAIN cat=[android.intent.category.LAUNCHER] cmp=com.example.dogglers/.HorizontalListActivity }, activity.getIntent()=Intent { act=android.intent.action.MAIN cat=[android.intent.category.LAUNCHER] flg=0x10008000 cmp=com.example.dogglers/androidx.test.core.app.InstrumentationActivityInvoker$BootstrapActivity (has extras) }, activity=androidx.test.core.app.InstrumentationActivityInvoker$BootstrapActivity@b15b203
08-28 19:52:12.238  8170  8170 D LifecycleMonitor: Lifecycle status change: androidx.test.core.app.InstrumentationActivityInvoker$BootstrapActivity@b15b203 in: PAUSED
08-28 19:52:12.238  8170  8170 V ActivityScenario: Activity lifecycle changed event received but ignored because the intent does not match. startActivityIntent=Intent { act=android.intent.action.MAIN cat=[android.intent.category.LAUNCHER] cmp=com.example.dogglers/.HorizontalListActivity }, activity.getIntent()=Intent { act=android.intent.action.MAIN cat=[android.intent.category.LAUNCHER] flg=0x10008000 cmp=com.example.dogglers/androidx.test.core.app.InstrumentationActivityInvoker$BootstrapActivity (has extras) }, activity=androidx.test.core.app.InstrumentationActivityInvoker$BootstrapActivity@b15b203
08-28 19:52:12.258  8170  8170 D LifecycleMonitor: Lifecycle status change: com.example.dogglers.HorizontalListActivity@d4c4675 in: PRE_ON_CREATE
08-28 19:52:12.259  8170  8170 V ActivityScenario: Activity lifecycle changed event received but ignored because the reported transition was not ON_CREATE while the last known transition was PRE_ON_CREATE
08-28 19:52:12.282  2241  2241 I GsaVoiceInteractionSrv: Handling ACTION_STOP_HOTWORD
08-28 19:52:12.282  2241  2241 E HwDetectorWithState: a: 3
08-28 19:52:12.284  8170  8170 D LifecycleMonitor: Lifecycle status change: com.example.dogglers.HorizontalListActivity@d4c4675 in: CREATED
08-28 19:52:12.284  8170  8170 V ActivityScenario: Update currentActivityStage to CREATED, currentActivity=com.example.dogglers.HorizontalListActivity@d4c4675
08-28 19:52:12.286  8170  8170 D LifecycleMonitor: Lifecycle status change: com.example.dogglers.HorizontalListActivity@d4c4675 in: STARTED
08-28 19:52:12.286  8170  8170 V ActivityScenario: Update currentActivityStage to STARTED, currentActivity=com.example.dogglers.HorizontalListActivity@d4c4675
08-28 19:52:12.288  8170  8170 D LifecycleMonitor: Lifecycle status change: com.example.dogglers.HorizontalListActivity@d4c4675 in: RESUMED
08-28 19:52:12.288  8170  8170 V ActivityScenario: Update currentActivityStage to RESUMED, currentActivity=com.example.dogglers.HorizontalListActivity@d4c4675
08-28 19:52:12.329   365   405 D goldfish-address-space: claimShared: Ask to claim region [0x3f7034000 0x3f79d8000]
08-28 19:52:12.345   365   405 D goldfish-address-space: claimShared: Ask to claim region [0x3f9e90000 0x3fa834000]
08-28 19:52:12.350   365   405 D goldfish-address-space: claimShared: Ask to claim region [0x3fa834000 0x3fb1d8000]
08-28 19:52:12.387   562   606 I ActivityTaskManager: Displayed com.example.dogglers/.HorizontalListActivity: +222ms
08-28 19:52:12.394  8170  8170 D RootViewPicker: Root not ready - waiting: 10ms for one to appear.
08-28 19:52:12.419  1619  1619 I GoogleInputMethodService: GoogleInputMethodService.onFinishInput():3420
08-28 19:52:12.419  1619  1619 I GoogleInputMethodService: GoogleInputMethodService.onStartInput():2002
08-28 19:52:12.421  1619  1619 I DeviceUnlockedTag: DeviceUnlockedTag.notifyDeviceLockStatusChanged():31 Notify device unlocked.
08-28 19:52:12.478  8170  8170 I ViewInteraction: Checking 'MatchesViewAssertion{viewMatcher=(view has effective visibility <VISIBLE> and view.getGlobalVisibleRect() to return non-empty rectangle)}' assertion on view an instance of android.widget.TextView and view.getText() with or without transformation to match: is "Tzeitel"
08-28 19:52:12.533  8170  8170 I ViewInteraction: Checking 'MatchesViewAssertion{viewMatcher=(view has effective visibility <VISIBLE> and view.getGlobalVisibleRect() to return non-empty rectangle)}' assertion on view an instance of android.widget.TextView and view.getText() with or without transformation to match: is "7"
08-28 19:52:12.533  8170  8170 E ViewAssertions: '(view has effective visibility <VISIBLE> and view.getGlobalVisibleRect() to return non-empty rectangle)' check could not be performed because view 'an instance of android.widget.TextView and view.getText() with or without transformation to match: is "7"' was not found.
08-28 19:52:12.543  8170  8170 D LifecycleMonitor: Lifecycle status change: androidx.test.core.app.InstrumentationActivityInvoker$BootstrapActivity@b15b203 in: STOPPED
08-28 19:52:12.545  8170  8170 V ActivityScenario: Activity lifecycle changed event received but ignored because the intent does not match. startActivityIntent=Intent { act=android.intent.action.MAIN cat=[android.intent.category.LAUNCHER] cmp=com.example.dogglers/.HorizontalListActivity }, activity.getIntent()=Intent { act=android.intent.action.MAIN cat=[android.intent.category.LAUNCHER] flg=0x10008000 cmp=com.example.dogglers/androidx.test.core.app.InstrumentationActivityInvoker$BootstrapActivity (has extras) }, activity=androidx.test.core.app.InstrumentationActivityInvoker$BootstrapActivity@b15b203
08-28 19:52:12.563  8170  8170 D LifecycleMonitor: Lifecycle status change: com.example.dogglers.HorizontalListActivity@d4c4675 in: PAUSED
08-28 19:52:12.563  8170  8170 V ActivityScenario: Update currentActivityStage to PAUSED, currentActivity=com.example.dogglers.HorizontalListActivity@d4c4675
08-28 19:52:12.574   922   992 D EGL_emulation: app_time_stats: avg=32.14ms min=1.24ms max=547.05ms count=31
08-28 19:52:12.581  8170  8170 D LifecycleMonitor: Lifecycle status change: androidx.test.core.app.InstrumentationActivityInvoker$EmptyActivity@a509364 in: PRE_ON_CREATE
08-28 19:52:12.582  8170  8170 V ActivityScenario: Activity lifecycle changed event received but ignored because the intent does not match. startActivityIntent=Intent { act=android.intent.action.MAIN cat=[android.intent.category.LAUNCHER] cmp=com.example.dogglers/.HorizontalListActivity }, activity.getIntent()=Intent { act=android.intent.action.MAIN cat=[android.intent.category.LAUNCHER] flg=0x10000000 cmp=com.example.dogglers/androidx.test.core.app.InstrumentationActivityInvoker$EmptyActivity }, activity=androidx.test.core.app.InstrumentationActivityInvoker$EmptyActivity@a509364
08-28 19:52:12.593  8170  8170 D LifecycleMonitor: Lifecycle status change: androidx.test.core.app.InstrumentationActivityInvoker$EmptyActivity@a509364 in: CREATED
08-28 19:52:12.593  8170  8170 V ActivityScenario: Activity lifecycle changed event received but ignored because the intent does not match. startActivityIntent=Intent { act=android.intent.action.MAIN cat=[android.intent.category.LAUNCHER] cmp=com.example.dogglers/.HorizontalListActivity }, activity.getIntent()=Intent { act=android.intent.action.MAIN cat=[android.intent.category.LAUNCHER] flg=0x10000000 cmp=com.example.dogglers/androidx.test.core.app.InstrumentationActivityInvoker$EmptyActivity }, activity=androidx.test.core.app.InstrumentationActivityInvoker$EmptyActivity@a509364
08-28 19:52:12.594  8170  8170 D LifecycleMonitor: Lifecycle status change: androidx.test.core.app.InstrumentationActivityInvoker$EmptyActivity@a509364 in: STARTED
08-28 19:52:12.594  8170  8170 V ActivityScenario: Activity lifecycle changed event received but ignored because the intent does not match. startActivityIntent=Intent { act=android.intent.action.MAIN cat=[android.intent.category.LAUNCHER] cmp=com.example.dogglers/.HorizontalListActivity }, activity.getIntent()=Intent { act=android.intent.action.MAIN cat=[android.intent.category.LAUNCHER] flg=0x10000000 cmp=com.example.dogglers/androidx.test.core.app.InstrumentationActivityInvoker$EmptyActivity }, activity=androidx.test.core.app.InstrumentationActivityInvoker$EmptyActivity@a509364
08-28 19:52:12.597  8170  8170 D LifecycleMonitor: Lifecycle status change: androidx.test.core.app.InstrumentationActivityInvoker$EmptyActivity@a509364 in: RESUMED
08-28 19:52:12.597  8170  8170 V ActivityScenario: Activity lifecycle changed event received but ignored because the intent does not match. startActivityIntent=Intent { act=android.intent.action.MAIN cat=[android.intent.category.LAUNCHER] cmp=com.example.dogglers/.HorizontalListActivity }, activity.getIntent()=Intent { act=android.intent.action.MAIN cat=[android.intent.category.LAUNCHER] flg=0x10000000 cmp=com.example.dogglers/androidx.test.core.app.InstrumentationActivityInvoker$EmptyActivity }, activity=androidx.test.core.app.InstrumentationActivityInvoker$EmptyActivity@a509364
08-28 19:52:12.628   365   405 D goldfish-address-space: claimShared: Ask to claim region [0x3f1974000 0x3f2318000]
08-28 19:52:12.633   365   405 D goldfish-address-space: claimShared: Ask to claim region [0x3f4000000 0x3f49a4000]
08-28 19:52:12.643   365   405 D goldfish-address-space: claimShared: Ask to claim region [0x3f49a4000 0x3f5348000]
08-28 19:52:12.662   562   610 W InputManager-JNI: Input channel object '9ddefe0 Splash Screen com.example.dogglers (client)' was disposed without first being removed with the input manager!
08-28 19:52:12.665   562   606 I ActivityTaskManager: Displayed com.example.dogglers/androidx.test.core.app.InstrumentationActivityInvoker$EmptyActivity: +113ms
08-28 19:52:12.680  8170  8170 D LifecycleMonitor: Lifecycle status change: com.example.dogglers.HorizontalListActivity@d4c4675 in: STOPPED
08-28 19:52:12.681  8170  8170 V ActivityScenario: Update currentActivityStage to STOPPED, currentActivity=com.example.dogglers.HorizontalListActivity@d4c4675
08-28 19:52:12.683  8170  8170 D LifecycleMonitor: Lifecycle status change: com.example.dogglers.HorizontalListActivity@d4c4675 in: DESTROYED
08-28 19:52:12.683  8170  8170 V ActivityScenario: Update currentActivityStage to DESTROYED, currentActivity=null
08-28 19:52:12.688   562   986 W InputManager-JNI: Input channel object 'e36e84b com.example.dogglers/com.example.dogglers.HorizontalListActivity (client)' was disposed without first being removed with the input manager!
08-28 19:52:12.695  1619  1619 I GoogleInputMethodService: GoogleInputMethodService.onFinishInput():3420
08-28 19:52:12.695  1619  1619 I GoogleInputMethodService: GoogleInputMethodService.onStartInput():2002
08-28 19:52:12.696  1619  1619 I DeviceUnlockedTag: DeviceUnlockedTag.notifyDeviceLockStatusChanged():31 Notify device unlocked.
08-28 19:52:12.699  8170  8170 D LifecycleMonitor: Lifecycle status change: androidx.test.core.app.InstrumentationActivityInvoker$EmptyActivity@a509364 in: PAUSED
08-28 19:52:12.699  8170  8170 V ActivityScenario: Activity lifecycle changed event received but ignored because the intent does not match. startActivityIntent=Intent { act=android.intent.action.MAIN cat=[android.intent.category.LAUNCHER] cmp=com.example.dogglers/.HorizontalListActivity }, activity.getIntent()=Intent { act=android.intent.action.MAIN cat=[android.intent.category.LAUNCHER] flg=0x10000000 cmp=com.example.dogglers/androidx.test.core.app.InstrumentationActivityInvoker$EmptyActivity }, activity=androidx.test.core.app.InstrumentationActivityInvoker$EmptyActivity@a509364
08-28 19:52:12.709  8170  8170 D LifecycleMonitor: Lifecycle status change: androidx.test.core.app.InstrumentationActivityInvoker$BootstrapActivity@b15b203 in: DESTROYED
08-28 19:52:12.709  8170  8170 V ActivityScenario: Activity lifecycle changed event received but ignored because the intent does not match. startActivityIntent=Intent { act=android.intent.action.MAIN cat=[android.intent.category.LAUNCHER] cmp=com.example.dogglers/.HorizontalListActivity }, activity.getIntent()=Intent { act=android.intent.action.MAIN cat=[android.intent.category.LAUNCHER] flg=0x10008000 cmp=com.example.dogglers/androidx.test.core.app.InstrumentationActivityInvoker$BootstrapActivity (has extras) }, activity=androidx.test.core.app.InstrumentationActivityInvoker$BootstrapActivity@b15b203
08-28 19:52:12.719  8170  8170 D LifecycleMonitor: Lifecycle status change: androidx.test.core.app.InstrumentationActivityInvoker$EmptyActivity@7080fda in: PRE_ON_CREATE
08-28 19:52:12.719  8170  8170 V ActivityScenario: Activity lifecycle changed event received but ignored because the intent does not match. startActivityIntent=Intent { act=android.intent.action.MAIN cat=[android.intent.category.LAUNCHER] cmp=com.example.dogglers/.HorizontalListActivity }, activity.getIntent()=Intent { act=android.intent.action.MAIN cat=[android.intent.category.LAUNCHER] flg=0x10000000 cmp=com.example.dogglers/androidx.test.core.app.InstrumentationActivityInvoker$EmptyActivity }, activity=androidx.test.core.app.InstrumentationActivityInvoker$EmptyActivity@7080fda
08-28 19:52:12.725  8170  8170 D LifecycleMonitor: Lifecycle status change: androidx.test.core.app.InstrumentationActivityInvoker$EmptyActivity@7080fda in: CREATED
08-28 19:52:12.725  8170  8170 V ActivityScenario: Activity lifecycle changed event received but ignored because the intent does not match. startActivityIntent=Intent { act=android.intent.action.MAIN cat=[android.intent.category.LAUNCHER] cmp=com.example.dogglers/.HorizontalListActivity }, activity.getIntent()=Intent { act=android.intent.action.MAIN cat=[android.intent.category.LAUNCHER] flg=0x10000000 cmp=com.example.dogglers/androidx.test.core.app.InstrumentationActivityInvoker$EmptyActivity }, activity=androidx.test.core.app.InstrumentationActivityInvoker$EmptyActivity@7080fda
08-28 19:52:12.727  8170  8170 D LifecycleMonitor: Lifecycle status change: androidx.test.core.app.InstrumentationActivityInvoker$EmptyActivity@7080fda in: STARTED
08-28 19:52:12.727  8170  8170 V ActivityScenario: Activity lifecycle changed event received but ignored because the intent does not match. startActivityIntent=Intent { act=android.intent.action.MAIN cat=[android.intent.category.LAUNCHER] cmp=com.example.dogglers/.HorizontalListActivity }, activity.getIntent()=Intent { act=android.intent.action.MAIN cat=[android.intent.category.LAUNCHER] flg=0x10000000 cmp=com.example.dogglers/androidx.test.core.app.InstrumentationActivityInvoker$EmptyActivity }, activity=androidx.test.core.app.InstrumentationActivityInvoker$EmptyActivity@7080fda
08-28 19:52:12.729  8170  8170 D LifecycleMonitor: Lifecycle status change: androidx.test.core.app.InstrumentationActivityInvoker$EmptyActivity@7080fda in: RESUMED
08-28 19:52:12.729  8170  8170 V ActivityScenario: Activity lifecycle changed event received but ignored because the intent does not match. startActivityIntent=Intent { act=android.intent.action.MAIN cat=[android.intent.category.LAUNCHER] cmp=com.example.dogglers/.HorizontalListActivity }, activity.getIntent()=Intent { act=android.intent.action.MAIN cat=[android.intent.category.LAUNCHER] flg=0x10000000 cmp=com.example.dogglers/androidx.test.core.app.InstrumentationActivityInvoker$EmptyActivity }, activity=androidx.test.core.app.InstrumentationActivityInvoker$EmptyActivity@7080fda
08-28 19:52:12.744   365   405 D goldfish-address-space: claimShared: Ask to claim region [0x3f32e8000 0x3f3c8c000]
08-28 19:52:12.750   365   405 D goldfish-address-space: claimShared: Ask to claim region [0x3f0000000 0x3f09a4000]
08-28 19:52:12.764   365   405 D goldfish-address-space: claimShared: Ask to claim region [0x3f09a4000 0x3f1348000]
08-28 19:52:12.774   562   606 I ActivityTaskManager: Displayed com.example.dogglers/androidx.test.core.app.InstrumentationActivityInvoker$EmptyActivity: +100ms
08-28 19:52:12.778  8170  8170 D LifecycleMonitor: Lifecycle status change: androidx.test.core.app.InstrumentationActivityInvoker$EmptyActivity@a509364 in: STOPPED
08-28 19:52:12.778  8170  8170 V ActivityScenario: Activity lifecycle changed event received but ignored because the intent does not match. startActivityIntent=Intent { act=android.intent.action.MAIN cat=[android.intent.category.LAUNCHER] cmp=com.example.dogglers/.HorizontalListActivity }, activity.getIntent()=Intent { act=android.intent.action.MAIN cat=[android.intent.category.LAUNCHER] flg=0x10000000 cmp=com.example.dogglers/androidx.test.core.app.InstrumentationActivityInvoker$EmptyActivity }, activity=androidx.test.core.app.InstrumentationActivityInvoker$EmptyActivity@a509364
08-28 19:52:12.797   365   405 D goldfish-address-space: claimShared: Ask to claim region [0x3f4000000 0x3f462c000]
08-28 19:52:12.828  8170  8170 D LifecycleMonitor: Lifecycle status change: androidx.test.core.app.InstrumentationActivityInvoker$EmptyActivity@a509364 in: DESTROYED
08-28 19:52:12.828  8170  8170 V ActivityScenario: Activity lifecycle changed event received but ignored because the intent does not match. startActivityIntent=Intent { act=android.intent.action.MAIN cat=[android.intent.category.LAUNCHER] cmp=com.example.dogglers/.HorizontalListActivity }, activity.getIntent()=Intent { act=android.intent.action.MAIN cat=[android.intent.category.LAUNCHER] flg=0x10000000 cmp=com.example.dogglers/androidx.test.core.app.InstrumentationActivityInvoker$EmptyActivity }, activity=androidx.test.core.app.InstrumentationActivityInvoker$EmptyActivity@a509364
08-28 19:52:12.830   562  1085 W InputManager-JNI: Input channel object '23a6246 com.example.dogglers/androidx.test.core.app.InstrumentationActivityInvoker$EmptyActivity (client)' was disposed without first being removed with the input manager!
08-28 19:52:12.846  8170  8170 D LifecycleMonitor: Lifecycle status change: androidx.test.core.app.InstrumentationActivityInvoker$EmptyActivity@7080fda in: PAUSED
08-28 19:52:12.846  8170  8170 V ActivityScenario: Activity lifecycle changed event received but ignored because the intent does not match. startActivityIntent=Intent { act=android.intent.action.MAIN cat=[android.intent.category.LAUNCHER] cmp=com.example.dogglers/.HorizontalListActivity }, activity.getIntent()=Intent { act=android.intent.action.MAIN cat=[android.intent.category.LAUNCHER] flg=0x10000000 cmp=com.example.dogglers/androidx.test.core.app.InstrumentationActivityInvoker$EmptyActivity }, activity=androidx.test.core.app.InstrumentationActivityInvoker$EmptyActivity@7080fda
08-28 19:52:12.864  8170  8191 E TestRunner: failed: horizontal_scroll_content_at_first_position(com.example.dogglers.HorizontalListTests)
08-28 19:52:12.864  8170  8191 E TestRunner: ----- begin exception -----
08-28 19:52:12.865  8170  8191 E TestRunner: androidx.test.espresso.NoMatchingViewException: No views in hierarchy found matching: an instance of android.widget.TextView and view.getText() with or without transformation to match: is "7"
08-28 19:52:12.865  8170  8191 E TestRunner:
08-28 19:52:12.865  8170  8191 E TestRunner: View Hierarchy:
08-28 19:52:12.865  8170  8191 E TestRunner: +>DecorView{id=-1, visibility=VISIBLE, width=1080, height=2340, has-focus=false, has-focusable=true, has-window-focus=true, is-clickable=false, is-enabled=true, is-focused=false, is-focusable=false, is-layout-requested=false, is-selected=false, layout-params={(0,0)(fillxfill) ty=BASE_APPLICATION wanim=0x10302fe
08-28 19:52:12.865  8170  8191 E TestRunner:   fl=LAYOUT_IN_SCREEN LAYOUT_INSET_DECOR SPLIT_TOUCH HARDWARE_ACCELERATED DRAWS_SYSTEM_BAR_BACKGROUNDS
08-28 19:52:12.865  8170  8191 E TestRunner:   pfl=NO_MOVE_ANIMATION FORCE_DRAW_STATUS_BAR_BACKGROUND FIT_INSETS_CONTROLLED
08-28 19:52:12.865  8170  8191 E TestRunner:   bhv=DEFAULT
08-28 19:52:12.865  8170  8191 E TestRunner:   fitSides=}, tag=null, root-is-layout-requested=false, has-input-connection=false, x=0.0, y=0.0, child-count=3}
08-28 19:52:12.865  8170  8191 E TestRunner: |
08-28 19:52:12.865  8170  8191 E TestRunner: +->LinearLayout{id=-1, visibility=VISIBLE, width=1080, height=2208, has-focus=false, has-focusable=true, has-window-focus=true, is-clickable=false, is-enabled=true, is-focused=false, is-focusable=false, is-layout-requested=false, is-selected=false, layout-params=android.widget.FrameLayout$LayoutParams@a770f1f, tag=null, root-is-layout-requested=false, has-input-connection=false, x=0.0, y=0.0, child-count=2}
08-28 19:52:12.865  8170  8191 E TestRunner: |
08-28 19:52:12.865  8170  8191 E TestRunner: +-->ViewStub{id=16908720, res-name=action_mode_bar_stub, visibility=GONE, width=0, height=0, has-focus=false, has-focusable=false, has-window-focus=true, is-clickable=false, is-enabled=true, is-focused=false, is-focusable=false, is-layout-requested=true, is-selected=false, layout-params=android.widget.LinearLayout$LayoutParams@c47126c, tag=null, root-is-layout-requested=false, has-input-connection=false, x=0.0, y=0.0}
08-28 19:52:12.865  8170  8191 E TestRunner: |
08-28 19:52:12.865  8170  8191 E TestRunner: +-->FrameLayout{id=-1, visibility=VISIBLE, width=1080, height=2063, has-focus=false, has-focusable=true, has-window-focus=true, is-clickable=false, is-enabled=true, is-focused=false, is-focusable=false, is-layout-requested=false, is-selected=false, layout-params=android.widget.LinearLayout$LayoutParams@e6f9cca, tag=null, root-is-layout-requested=false, has-input-connection=false, x=0.0, y=145.0, child-count=1}
08-28 19:52:12.865  8170  8191 E TestRunner: |
08-28 19:52:12.865  8170  8191 E TestRunner: +--->ActionBarOverlayLayout{id=2131230866, res-name=decor_content_parent, visibility=VISIBLE, width=1080, height=2063, has-focus=false, has-focusable=true, has-window-focus=true, is-clickable=false, is-enabled=true, is-focused=false, is-focusable=false, is-layout-requested=false, is-selected=false, layout-params=android.widget.FrameLayout$LayoutParams@1b45ab1, tag=null, root-is-layout-requested=false, has-input-connection=false, x=0.0, y=0.0, child-count=2}
08-28 19:52:12.865  8170  8191 E TestRunner: |
08-28 19:52:12.865  8170  8191 E TestRunner: +---->ContentFrameLayout{id=16908290, res-name=content, visibility=VISIBLE, width=1080, height=1909, has-focus=false, has-focusable=true, has-window-focus=true, is-clickable=false, is-enabled=true, is-focused=false, is-focusable=false, is-layout-requested=false, is-selected=false, layout-params=androidx.appcompat.widget.ActionBarOverlayLayout$LayoutParams@b65c317, tag=null, root-is-layout-requested=false, has-input-connection=false, x=0.0, y=154.0, child-count=1}
08-28 19:52:12.865  8170  8191 E TestRunner: |
08-28 19:52:12.865  8170  8191 E TestRunner: +----->FrameLayout{id=-1, visibility=VISIBLE, width=1080, height=1909, has-focus=false, has-focusable=true, has-window-focus=true, is-clickable=false, is-enabled=true, is-focused=false, is-focusable=false, is-layout-requested=false, is-selected=false, layout-params=android.widget.FrameLayout$LayoutParams@a82f0ed, tag=null, root-is-layout-requested=false, has-input-connection=false, x=0.0, y=0.0, child-count=1}
08-28 19:52:12.865  8170  8191 E TestRunner: |
08-28 19:52:12.865  8170  8191 E TestRunner: +------>RecyclerView{id=2131230945, res-name=horizontal_recycler_view, visibility=VISIBLE, width=1080, height=793, has-focus=false, has-focusable=true, has-window-focus=true, is-clickable=false, is-enabled=true, is-focused=false, is-focusable=true, is-layout-requested=false, is-selected=false, layout-params=android.widget.FrameLayout$LayoutParams@87979b3, tag=null, root-is-layout-requested=false, has-input-connection=false, x=0.0, y=558.0, child-count=1}
08-28 19:52:12.865  8170  8191 E TestRunner: |
08-28 19:52:12.865  8170  8191 E TestRunner: +------->MaterialCardView{id=-1, visibility=VISIBLE, width=1036, height=749, has-focus=false, has-focusable=false, has-window-focus=true, is-clickable=false, is-enabled=true, is-focused=false, is-focusable=false, is-layout-requested=false, is-selected=false, layout-params=androidx.recyclerview.widget.RecyclerView$LayoutParams@a2aaee9, tag=null, root-is-layout-requested=false, has-input-connection=false, x=22.0, y=22.0, is-checked=false, child-count=1}
08-28 19:52:12.865  8170  8191 E TestRunner: |
08-28 19:52:12.865  8170  8191 E TestRunner: +-------->ConstraintLayout{id=-1, visibility=VISIBLE, width=1036, height=749, has-focus=false, has-focusable=false, has-window-focus=true, is-clickable=false, is-enabled=true, is-focused=false, is-focusable=false, is-layout-requested=false, is-selected=false, layout-params=android.widget.FrameLayout$LayoutParams@e90cc7a, tag=null, root-is-layout-requested=false, has-input-connection=false, x=0.0, y=0.0, child-count=4}
08-28 19:52:12.865  8170  8191 E TestRunner: |
08-28 19:52:12.865  8170  8191 E TestRunner: +--------->AppCompatImageView{id=2131230952, res-name=img_dog, visibility=VISIBLE, width=1036, height=534, has-focus=false, has-focusable=false, has-window-focus=true, is-clickable=false, is-enabled=true, is-focused=false, is-focusable=false, is-layout-requested=false, is-selected=false, layout-params=androidx.constraintlayout.widget.ConstraintLayout$LayoutParams@2506c2b, tag=null, root-is-layout-requested=false, has-input-connection=false, x=0.0, y=0.0}
08-28 19:52:12.865  8170  8191 E TestRunner: |
08-28 19:52:12.865  8170  8191 E TestRunner: +--------->MaterialTextView{id=2131231198, res-name=tv_dog_name, visibility=VISIBLE, width=169, height=74, has-focus=false, has-focusable=false, has-window-focus=true, is-clickable=false, is-enabled=true, is-focused=false, is-focusable=false, is-layout-requested=false, is-selected=false, layout-params=androidx.constraintlayout.widget.ConstraintLayout$LayoutParams@1755888, tag=null, root-is-layout-requested=false, has-input-connection=false, x=22.0, y=556.0, text=Tzeitel, input-type=0, ime-target=false, has-links=false}
08-28 19:52:12.865  8170  8191 E TestRunner: |
08-28 19:52:12.865  8170  8191 E TestRunner: +--------->MaterialTextView{id=2131231196, res-name=tv_dog_age, visibility=VISIBLE, width=109, height=53, has-focus=false, has-focusable=false, has-window-focus=true, is-clickable=false, is-enabled=true, is-focused=false, is-focusable=false, is-layout-requested=false, is-selected=false, layout-params=androidx.constraintlayout.widget.ConstraintLayout$LayoutParams@1205221, tag=null, root-is-layout-requested=false, has-input-connection=false, x=22.0, y=674.0, text=Age: 7, input-type=0, ime-target=false, has-links=false}
08-28 19:52:12.865  8170  8191 E TestRunner: |
08-28 19:52:12.865  8170  8191 E TestRunner: +--------->MaterialTextView{id=2131231197, res-name=tv_dog_hobby, visibility=VISIBLE, width=430, height=59, has-focus=false, has-focusable=false, has-window-focus=true, is-clickable=false, is-enabled=true, is-focused=false, is-focusable=false, is-layout-requested=false, is-selected=false, layout-params=androidx.constraintlayout.widget.ConstraintLayout$LayoutParams@a4f3646, tag=null, root-is-layout-requested=false, has-input-connection=false, x=584.0, y=668.0, text=Hobbies: sunbathing, input-type=0, ime-target=false, has-links=false}
08-28 19:52:12.865  8170  8191 E TestRunner: |
08-28 19:52:12.865  8170  8191 E TestRunner: +---->ActionBarContainer{id=2131230774, res-name=action_bar_container, visibility=VISIBLE, width=1080, height=154, has-focus=false, has-focusable=false, has-window-focus=true, is-clickable=false, is-enabled=true, is-focused=false, is-focusable=false, is-layout-requested=false, is-selected=false, layout-params=androidx.appcompat.widget.ActionBarOverlayLayout$LayoutParams@d0eef5d, tag=null, root-is-layout-requested=false, has-input-connection=false, x=0.0, y=0.0, child-count=2}
08-28 19:52:12.865  8170  8191 E TestRunner: |
08-28 19:52:12.865  8170  8191 E TestRunner: +----->Toolbar{id=2131230772, res-name=action_bar, visibility=VISIBLE, width=1080, height=154, has-focus=false, has-focusable=false, has-window-focus=true, is-clickable=false, is-enabled=true, is-focused=false, is-focusable=false, is-layout-requested=false, is-selected=false, layout-params=android.widget.FrameLayout$LayoutParams@f502459, tag=null, root-is-layout-requested=false, has-input-connection=false, x=0.0, y=0.0, child-count=3}
08-28 19:52:12.865  8170  8191 E TestRunner: |
08-28 19:52:12.865  8170  8191 E TestRunner: +------>AppCompatTextView{id=-1, visibility=VISIBLE, width=225, height=74, has-focus=false, has-focusable=false, has-window-focus=true, is-clickable=false, is-enabled=true, is-focused=false, is-focusable=false, is-layout-requested=false, is-selected=false, layout-params=androidx.appcompat.widget.Toolbar$LayoutParams@608c81e, tag=null, root-is-layout-requested=false, has-input-connection=false, x=198.0, y=40.0, text=Dogglers, input-type=0, ime-target=false, has-links=false}
08-28 19:52:12.865  8170  8191 E TestRunner: |
08-28 19:52:12.865  8170  8191 E TestRunner: +------>AppCompatImageButton{id=-1, desc=Navigate up, visibility=VISIBLE, width=154, height=154, has-focus=false, has-focusable=false, has-window-focus=true, is-clickable=true, is-enabled=true, is-focused=false, is-focusable=true, is-layout-requested=false, is-selected=false, layout-params=androidx.appcompat.widget.Toolbar$LayoutParams@3ea88ff, tag=null, root-is-layout-requested=false, has-input-connection=false, x=0.0, y=0.0}
08-28 19:52:12.865  8170  8191 E TestRunner: |
08-28 19:52:12.865  8170  8191 E TestRunner: +------>ActionMenuView{id=-1, visibility=VISIBLE, width=0, height=154, has-focus=false, has-focusable=false, has-window-focus=true, is-clickable=false, is-enabled=true, is-focused=false, is-focusable=false, is-layout-requested=false, is-selected=false, layout-params=androidx.appcompat.widget.Toolbar$LayoutParams@4d436cc, tag=null, root-is-layout-requested=false, has-input-connection=false, x=1080.0, y=0.0, child-count=0}
08-28 19:52:12.865  8170  8191 E TestRunner: |
08-28 19:52:12.865  8170  8191 E TestRunner: +----->ActionBarContextView{id=2131230780, res-name=action_context_bar, visibility=GONE, width=0, height=0, has-focus=false, has-focusable=false, has-window-focus=true, is-clickable=false, is-enabled=true, is-focused=false, is-focusable=false, is-layout-requested=true, is-selected=false, layout-params=android.widget.FrameLayout$LayoutParams@4d5ad15, tag=null, root-is-layout-requested=false, has-input-connection=false, x=0.0, y=0.0, child-count=0}
08-28 19:52:12.865  8170  8191 E TestRunner: |
08-28 19:52:12.865  8170  8191 E TestRunner: +->View{id=16908336, res-name=navigationBarBackground, visibility=VISIBLE, width=1080, height=132, has-focus=false, has-focusable=false, has-window-focus=true, is-clickable=false, is-enabled=true, is-focused=false, is-focusable=false, is-layout-requested=false, is-selected=false, layout-params=android.widget.FrameLayout$LayoutParams@cf5482a, tag=null, root-is-layout-requested=false, has-input-connection=false, x=0.0, y=2208.0}
08-28 19:52:12.865  8170  8191 E TestRunner: |
08-28 19:52:12.865  8170  8191 E TestRunner: +->View{id=16908335, res-name=statusBarBackground, visibility=VISIBLE, width=1080, height=145, has-focus=false, has-focusable=false, has-window-focus=true, is-clickable=false, is-enabled=true, is-focused=false, is-focusable=false, is-layout-requested=false, is-selected=false, layout-params=android.widget.FrameLayout$LayoutParams@ae8b61b, tag=null, root-is-layout-requested=false, has-input-connection=false, x=0.0, y=0.0}
08-28 19:52:12.865  8170  8191 E TestRunner: 	at dalvik.system.VMStack.getThreadStackTrace(Native Method)
08-28 19:52:12.865  8170  8191 E TestRunner: 	at java.lang.Thread.getStackTrace(Thread.java:1724)
08-28 19:52:12.865  8170  8191 E TestRunner: 	at androidx.test.espresso.base.DefaultFailureHandler.getUserFriendlyError(DefaultFailureHandler.java:12)
08-28 19:52:12.865  8170  8191 E TestRunner: 	at androidx.test.espresso.base.DefaultFailureHandler.handle(DefaultFailureHandler.java:7)
08-28 19:52:12.865  8170  8191 E TestRunner: 	at androidx.test.espresso.ViewInteraction.waitForAndHandleInteractionResults(ViewInteraction.java:8)
08-28 19:52:12.865  8170  8191 E TestRunner: 	at androidx.test.espresso.ViewInteraction.check(ViewInteraction.java:12)
08-28 19:52:12.865  8170  8191 E TestRunner: 	at com.example.dogglers.BaseTest.hasListItemContent(BaseTest.kt:59)
08-28 19:52:12.865  8170  8191 E TestRunner: 	at com.example.dogglers.BaseTest.checkFirstPosition(BaseTest.kt:70)
08-28 19:52:12.865  8170  8191 E TestRunner: 	at com.example.dogglers.HorizontalListTests.horizontal_scroll_content_at_first_position(HorizontalListTests.kt:42)
08-28 19:52:12.865  8170  8191 E TestRunner: 	at java.lang.reflect.Method.invoke(Native Method)
08-28 19:52:12.865  8170  8191 E TestRunner: 	at org.junit.runners.model.FrameworkMethod$1.runReflectiveCall(FrameworkMethod.java:50)
08-28 19:52:12.865  8170  8191 E TestRunner: 	at org.junit.internal.runners.model.ReflectiveCallable.run(ReflectiveCallable.java:12)
08-28 19:52:12.865  8170  8191 E TestRunner: 	at org.junit.runners.model.FrameworkMethod.invokeExplosively(FrameworkMethod.java:47)
08-28 19:52:12.865  8170  8191 E TestRunner: 	at org.junit.internal.runners.statements.InvokeMethod.evaluate(InvokeMethod.java:17)
08-28 19:52:12.865  8170  8191 E TestRunner: 	at org.junit.rules.ExternalResource$1.evaluate(ExternalResource.java:48)
08-28 19:52:12.865  8170  8191 E TestRunner: 	at org.junit.rules.RunRules.evaluate(RunRules.java:20)
08-28 19:52:12.865  8170  8191 E TestRunner: 	at org.junit.runners.ParentRunner.runLeaf(ParentRunner.java:325)
08-28 19:52:12.865  8170  8191 E TestRunner: 	at org.junit.runners.BlockJUnit4ClassRunner.runChild(BlockJUnit4ClassRunner.java:78)
08-28 19:52:12.865  8170  8191 E TestRunner: 	at org.junit.runners.BlockJUnit4ClassRunner.runChild(BlockJUnit4ClassRunner.java:57)
08-28 19:52:12.865  8170  8191 E TestRunner: 	at org.junit.runners.ParentRunner$3.run(ParentRunner.java:290)
08-28 19:52:12.865  8170  8191 E TestRunner: 	at org.junit.runners.ParentRunner$1.schedule(ParentRunner.java:71)
08-28 19:52:12.865  8170  8191 E TestRunner: 	at org.junit.runners.ParentRunner.runChildren(ParentRunner.java:288)
08-28 19:52:12.865  8170  8191 E TestRunner: 	at org.junit.runners.ParentRunner.access$000(ParentRunner.java:58)
08-28 19:52:12.865  8170  8191 E TestRunner: 	at org.junit.runners.ParentRunner$2.evaluate(ParentRunner.java:268)
08-28 19:52:12.865  8170  8191 E TestRunner: 	at org.junit.runners.ParentRunner.run(ParentRunner.java:363)
08-28 19:52:12.865  8170  8191 E TestRunner: 	at androidx.test.ext.junit.runners.AndroidJUnit4.run(AndroidJUnit4.java:162)
08-28 19:52:12.865  8170  8191 E TestRunner: 	at org.junit.runners.Suite.runChild(Suite.java:128)
08-28 19:52:12.865  8170  8191 E TestRunner: 	at org.junit.runners.Suite.runChild(Suite.java:27)
08-28 19:52:12.865  8170  8191 E TestRunner: 	at org.junit.runners.ParentRunner$3.run(ParentRunner.java:290)
08-28 19:52:12.865  8170  8191 E TestRunner: 	at org.junit.runners.ParentRunner$1.schedule(ParentRunner.java:71)
08-28 19:52:12.865  8170  8191 E TestRunner: 	at org.junit.runners.ParentRunner.runChildren(ParentRunner.java:288)
08-28 19:52:12.865  8170  8191 E TestRunner: 	at org.junit.runners.ParentRunner.access$000(ParentRunner.java:58)
08-28 19:52:12.865  8170  8191 E TestRunner: 	at org.junit.runners.ParentRunner$2.evaluate(ParentRunner.java:268)
08-28 19:52:12.865  8170  8191 E TestRunner: 	at org.junit.runners.ParentRunner.run(ParentRunner.java:363)
08-28 19:52:12.865  8170  8191 E TestRunner: 	at org.junit.runner.JUnitCore.run(JUnitCore.java:137)
08-28 19:52:12.865  8170  8191 E TestRunner: 	at org.junit.runner.JUnitCore.run(JUnitCore.java:115)
08-28 19:52:12.865  8170  8191 E TestRunner: 	at androidx.test.internal.runner.TestExecutor.execute(TestExecutor.java:56)
08-28 19:52:12.865  8170  8191 E TestRunner: 	at androidx.test.runner.AndroidJUnitRunner.onStart(AndroidJUnitRunner.java:444)
08-28 19:52:12.865  8170  8191 E TestRunner: 	at android.app.Instrumentation$InstrumentationThread.run(Instrumentation.java:2248)
08-28 19:52:12.865  8170  8191 E TestRunner: ----- end exception -----
08-28 19:52:12.879   365   405 D goldfish-address-space: claimShared: Ask to claim region [0x3f1974000 0x3f2318000]
08-28 19:52:12.884  8170  8191 I TestRunner: finished: horizontal_scroll_content_at_first_position(com.example.dogglers.HorizontalListTests)
