08-28 19:52:09.614  8170  8191 I TestRunner: started: horizontal_scrolling(com.example.dogglers.HorizontalListTests)
08-28 19:52:09.621  8170  8191 W Settings: Setting always_finish_activities has moved from android.provider.Settings.System to android.provider.Settings.Global, returning read-only value.
08-28 19:52:09.641   922   988 D SplashScreenView: Build android.window.SplashScreenView{d70a315 V.E...... ......ID 0,0-0,0}
08-28 19:52:09.641   922   988 D SplashScreenView: Icon: view: null drawable: null size: 0
08-28 19:52:09.641   922   988 D SplashScreenView: Branding: view: android.view.View{1e4062a G.ED..... ......I. 0,0-0,0 #10204a6 android:id/splashscreen_branding_view} drawable: null size w: 0 h: 0
08-28 19:52:09.658  8170  8170 D LifecycleMonitor: Lifecycle status change: androidx.test.core.app.InstrumentationActivityInvoker$BootstrapActivity@f2cbb0c in: PRE_ON_CREATE
08-28 19:52:09.658  8170  8170 V ActivityScenario: Activity lifecycle changed event received but ignored because the intent does not match. startActivityIntent=Intent { act=android.intent.action.MAIN cat=[android.intent.category.LAUNCHER] cmp=com.example.dogglers/.HorizontalListActivity }, activity.getIntent()=Intent { act=android.intent.action.MAIN cat=[android.intent.category.LAUNCHER] flg=0x10008000 cmp=com.example.dogglers/androidx.test.core.app.InstrumentationActivityInvoker$BootstrapActivity (has extras) }, activity=androidx.test.core.app.InstrumentationActivityInvoker$BootstrapActivity@f2cbb0c
08-28 19:52:09.662   365   365 D goldfish-address-space: claimShared: Ask to claim region [0x3f1cec000 0x3f2690000]
08-28 19:52:09.666  8170  8170 D LifecycleMonitor: Lifecycle status change: androidx.test.core.app.InstrumentationActivityInvoker$BootstrapActivity@f2cbb0c in: CREATED
08-28 19:52:09.668   365   365 D goldfish-address-space: claimShared: Ask to claim region [0x3f0000000 0x3f09a4000]
08-28 19:52:09.669  8170  8170 V ActivityScenario: Activity lifecycle changed event received but ignored because the intent does not match. startActivityIntent=Intent { act=android.intent.action.MAIN cat=[android.intent.category.LAUNCHER] cmp=com.example.dogglers/.HorizontalListActivity }, activity.getIntent()=Intent { act=android.intent.action.MAIN cat=[android.intent.category.LAUNCHER] flg=0x10008000 cmp=com.example.dogglers/androidx.test.core.app.InstrumentationActivityInvoker$BootstrapActivity (has extras) }, activity=androidx.test.core.app.InstrumentationActivityInvoker$BootstrapActivity@f2cbb0c
08-28 19:52:09.672   365   365 D goldfish-address-space: claimShared: Ask to claim region [0x3f09a4000 0x3f1348000]
08-28 19:52:09.672  8170  8170 D LifecycleMonitor: Lifecycle status change: androidx.test.core.app.InstrumentationActivityInvoker$BootstrapActivity@f2cbb0c in: STARTED
08-28 19:52:09.672  8170  8170 V ActivityScenario: Activity lifecycle changed event received but ignored because the intent does not match. startActivityIntent=Intent { act=android.intent.action.MAIN cat=[android.intent.category.LAUNCHER] cmp=com.example.dogglers/.HorizontalListActivity }, activity.getIntent()=Intent { act=android.intent.action.MAIN cat=[android.intent.category.LAUNCHER] flg=0x10008000 cmp=com.example.dogglers/androidx.test.core.app.InstrumentationActivityInvoker$BootstrapActivity (has extras) }, activity=androidx.test.core.app.InstrumentationActivityInvoker$BootstrapActivity@f2cbb0c
08-28 19:52:09.678  8170  8170 D LifecycleMonitor: Lifecycle status change: androidx.test.core.app.InstrumentationActivityInvoker$BootstrapActivity@f2cbb0c in: RESUMED
08-28 19:52:09.678  8170  8170 V ActivityScenario: Activity lifecycle changed event received but ignored because the intent does not match. startActivityIntent=Intent { act=android.intent.action.MAIN cat=[android.intent.category.LAUNCHER] cmp=com.example.dogglers/.HorizontalListActivity }, activity.getIntent()=Intent { act=android.intent.action.MAIN cat=[android.intent.category.LAUNCHER] flg=0x10008000 cmp=com.example.dogglers/androidx.test.core.app.InstrumentationActivityInvoker$BootstrapActivity (has extras) }, activity=androidx.test.core.app.InstrumentationActivityInvoker$BootstrapActivity@f2cbb0c
08-28 19:52:09.683  8170  8170 D LifecycleMonitor: Lifecycle status change: androidx.test.core.app.InstrumentationActivityInvoker$BootstrapActivity@f2cbb0c in: PAUSED
08-28 19:52:09.684  8170  8170 V ActivityScenario: Activity lifecycle changed event received but ignored because the intent does not match. startActivityIntent=Intent { act=android.intent.action.MAIN cat=[android.intent.category.LAUNCHER] cmp=com.example.dogglers/.HorizontalListActivity }, activity.getIntent()=Intent { act=android.intent.action.MAIN cat=[android.intent.category.LAUNCHER] flg=0x10008000 cmp=com.example.dogglers/androidx.test.core.app.InstrumentationActivityInvoker$BootstrapActivity (has extras) }, activity=androidx.test.core.app.InstrumentationActivityInvoker$BootstrapActivity@f2cbb0c
08-28 19:52:09.696  8170  8170 D LifecycleMonitor: Lifecycle status change: com.example.dogglers.HorizontalListActivity@cb1df0e in: PRE_ON_CREATE
08-28 19:52:09.696  8170  8170 V ActivityScenario: Activity lifecycle changed event received but ignored because the reported transition was not ON_CREATE while the last known transition was PRE_ON_CREATE
08-28 19:52:09.715  8170  8170 D LifecycleMonitor: Lifecycle status change: com.example.dogglers.HorizontalListActivity@cb1df0e in: CREATED
08-28 19:52:09.716  8170  8170 V ActivityScenario: Update currentActivityStage to CREATED, currentActivity=com.example.dogglers.HorizontalListActivity@cb1df0e
08-28 19:52:09.718  8170  8170 D LifecycleMonitor: Lifecycle status change: com.example.dogglers.HorizontalListActivity@cb1df0e in: STARTED
08-28 19:52:09.718  8170  8170 V ActivityScenario: Update currentActivityStage to STARTED, currentActivity=com.example.dogglers.HorizontalListActivity@cb1df0e
08-28 19:52:09.720  8170  8170 D LifecycleMonitor: Lifecycle status change: com.example.dogglers.HorizontalListActivity@cb1df0e in: RESUMED
08-28 19:52:09.720  8170  8170 V ActivityScenario: Update currentActivityStage to RESUMED, currentActivity=com.example.dogglers.HorizontalListActivity@cb1df0e
08-28 19:52:09.730  8170  8170 D LifecycleMonitor: Lifecycle status change: androidx.test.core.app.InstrumentationActivityInvoker$BootstrapActivity@f2cbb0c in: STOPPED
08-28 19:52:09.730  8170  8170 V ActivityScenario: Activity lifecycle changed event received but ignored because the intent does not match. startActivityIntent=Intent { act=android.intent.action.MAIN cat=[android.intent.category.LAUNCHER] cmp=com.example.dogglers/.HorizontalListActivity }, activity.getIntent()=Intent { act=android.intent.action.MAIN cat=[android.intent.category.LAUNCHER] flg=0x10008000 cmp=com.example.dogglers/androidx.test.core.app.InstrumentationActivityInvoker$BootstrapActivity (has extras) }, activity=androidx.test.core.app.InstrumentationActivityInvoker$BootstrapActivity@f2cbb0c
08-28 19:52:09.748  2241  2241 I GsaVoiceInteractionSrv: Handling ACTION_STOP_HOTWORD
08-28 19:52:09.748  2241  2241 E HwDetectorWithState: a: 3
08-28 19:52:09.767   365   365 D goldfish-address-space: claimShared: Ask to claim region [0x3f6690000 0x3f7034000]
08-28 19:52:09.783   365   365 D goldfish-address-space: claimShared: Ask to claim region [0x3f7034000 0x3f79d8000]
08-28 19:52:09.786   365   365 D goldfish-address-space: claimShared: Ask to claim region [0x3f9e90000 0x3fa834000]
08-28 19:52:09.811   562   606 I ActivityTaskManager: Displayed com.example.dogglers/.HorizontalListActivity: +180ms
08-28 19:52:09.815  8170  8170 D RootViewPicker: Root not ready - waiting: 10ms for one to appear.
08-28 19:52:09.824  1619  1619 I GoogleInputMethodService: GoogleInputMethodService.onFinishInput():3420
08-28 19:52:09.825  1619  1619 I GoogleInputMethodService: GoogleInputMethodService.onStartInput():2002
08-28 19:52:09.825  1619  1619 I DeviceUnlockedTag: DeviceUnlockedTag.notifyDeviceLockStatusChanged():31 Notify device unlocked.
08-28 19:52:09.857  8170  8170 I ViewInteraction: Performing 'fast swipe' action on view view.getId() is <2131230945/com.example.dogglers:id/horizontal_recycler_view>
08-28 19:52:10.097   562  1904 W InputManager-JNI: Input channel object '5db29d6 Splash Screen com.example.dogglers (client)' was disposed without first being removed with the input manager!
08-28 19:52:10.125  8170  8170 I ViewInteraction: Checking 'MatchesViewAssertion{viewMatcher=(view has effective visibility <VISIBLE> and view.getGlobalVisibleRect() to return non-empty rectangle)}' assertion on view an instance of android.widget.TextView and view.getText() with or without transformation to match: is "Frankie"
08-28 19:52:10.133  8170  8170 D LifecycleMonitor: Lifecycle status change: com.example.dogglers.HorizontalListActivity@cb1df0e in: PAUSED
08-28 19:52:10.133  8170  8170 V ActivityScenario: Update currentActivityStage to PAUSED, currentActivity=com.example.dogglers.HorizontalListActivity@cb1df0e
08-28 19:52:10.147  8170  8170 D LifecycleMonitor: Lifecycle status change: androidx.test.core.app.InstrumentationActivityInvoker$EmptyActivity@bff9ee2 in: PRE_ON_CREATE
08-28 19:52:10.148  8170  8170 V ActivityScenario: Activity lifecycle changed event received but ignored because the intent does not match. startActivityIntent=Intent { act=android.intent.action.MAIN cat=[android.intent.category.LAUNCHER] cmp=com.example.dogglers/.HorizontalListActivity }, activity.getIntent()=Intent { act=android.intent.action.MAIN cat=[android.intent.category.LAUNCHER] flg=0x10000000 cmp=com.example.dogglers/androidx.test.core.app.InstrumentationActivityInvoker$EmptyActivity }, activity=androidx.test.core.app.InstrumentationActivityInvoker$EmptyActivity@bff9ee2
08-28 19:52:10.154  8170  8170 D LifecycleMonitor: Lifecycle status change: androidx.test.core.app.InstrumentationActivityInvoker$EmptyActivity@bff9ee2 in: CREATED
08-28 19:52:10.155  8170  8170 V ActivityScenario: Activity lifecycle changed event received but ignored because the intent does not match. startActivityIntent=Intent { act=android.intent.action.MAIN cat=[android.intent.category.LAUNCHER] cmp=com.example.dogglers/.HorizontalListActivity }, activity.getIntent()=Intent { act=android.intent.action.MAIN cat=[android.intent.category.LAUNCHER] flg=0x10000000 cmp=com.example.dogglers/androidx.test.core.app.InstrumentationActivityInvoker$EmptyActivity }, activity=androidx.test.core.app.InstrumentationActivityInvoker$EmptyActivity@bff9ee2
08-28 19:52:10.156  8170  8170 D LifecycleMonitor: Lifecycle status change: androidx.test.core.app.InstrumentationActivityInvoker$EmptyActivity@bff9ee2 in: STARTED
08-28 19:52:10.156  8170  8170 V ActivityScenario: Activity lifecycle changed event received but ignored because the intent does not match. startActivityIntent=Intent { act=android.intent.action.MAIN cat=[android.intent.category.LAUNCHER] cmp=com.example.dogglers/.HorizontalListActivity }, activity.getIntent()=Intent { act=android.intent.action.MAIN cat=[android.intent.category.LAUNCHER] flg=0x10000000 cmp=com.example.dogglers/androidx.test.core.app.InstrumentationActivityInvoker$EmptyActivity }, activity=androidx.test.core.app.InstrumentationActivityInvoker$EmptyActivity@bff9ee2
08-28 19:52:10.158  8170  8170 D LifecycleMonitor: Lifecycle status change: androidx.test.core.app.InstrumentationActivityInvoker$EmptyActivity@bff9ee2 in: RESUMED
08-28 19:52:10.159  8170  8170 V ActivityScenario: Activity lifecycle changed event received but ignored because the intent does not match. startActivityIntent=Intent { act=android.intent.action.MAIN cat=[android.intent.category.LAUNCHER] cmp=com.example.dogglers/.HorizontalListActivity }, activity.getIntent()=Intent { act=android.intent.action.MAIN cat=[android.intent.category.LAUNCHER] flg=0x10000000 cmp=com.example.dogglers/androidx.test.core.app.InstrumentationActivityInvoker$EmptyActivity }, activity=androidx.test.core.app.InstrumentationActivityInvoker$EmptyActivity@bff9ee2
08-28 19:52:10.176   365   365 D goldfish-address-space: claimShared: Ask to claim region [0x3f1348000 0x3f1cec000]
08-28 19:52:10.179   365   365 D goldfish-address-space: claimShared: Ask to claim region [0x3f32e8000 0x3f3c8c000]
08-28 19:52:10.181   365   365 D goldfish-address-space: claimShared: Ask to claim region [0x3f4000000 0x3f49a4000]
08-28 19:52:10.198   562   606 I ActivityTaskManager: Displayed com.example.dogglers/androidx.test.core.app.InstrumentationActivityInvoker$EmptyActivity: +68ms
08-28 19:52:10.221  1619  1619 I GoogleInputMethodService: GoogleInputMethodService.onFinishInput():3420
08-28 19:52:10.221  1619  1619 I GoogleInputMethodService: GoogleInputMethodService.onStartInput():2002
08-28 19:52:10.223  1619  1619 I DeviceUnlockedTag: DeviceUnlockedTag.notifyDeviceLockStatusChanged():31 Notify device unlocked.
08-28 19:52:10.242  8170  8170 D LifecycleMonitor: Lifecycle status change: com.example.dogglers.HorizontalListActivity@cb1df0e in: STOPPED
08-28 19:52:10.242  8170  8170 V ActivityScenario: Update currentActivityStage to STOPPED, currentActivity=com.example.dogglers.HorizontalListActivity@cb1df0e
08-28 19:52:10.250  8170  8170 D LifecycleMonitor: Lifecycle status change: com.example.dogglers.HorizontalListActivity@cb1df0e in: DESTROYED
08-28 19:52:10.250  8170  8170 V ActivityScenario: Update currentActivityStage to DESTROYED, currentActivity=null
08-28 19:52:10.255   562   601 W InputManager-JNI: Input channel object '9c73ce0 com.example.dogglers/com.example.dogglers.HorizontalListActivity (client)' was disposed without first being removed with the input manager!
08-28 19:52:10.265  8170  8170 D LifecycleMonitor: Lifecycle status change: androidx.test.core.app.InstrumentationActivityInvoker$EmptyActivity@bff9ee2 in: PAUSED
08-28 19:52:10.265  8170  8170 V ActivityScenario: Activity lifecycle changed event received but ignored because the intent does not match. startActivityIntent=Intent { act=android.intent.action.MAIN cat=[android.intent.category.LAUNCHER] cmp=com.example.dogglers/.HorizontalListActivity }, activity.getIntent()=Intent { act=android.intent.action.MAIN cat=[android.intent.category.LAUNCHER] flg=0x10000000 cmp=com.example.dogglers/androidx.test.core.app.InstrumentationActivityInvoker$EmptyActivity }, activity=androidx.test.core.app.InstrumentationActivityInvoker$EmptyActivity@bff9ee2
08-28 19:52:10.275  8170  8170 D LifecycleMonitor: Lifecycle status change: androidx.test.core.app.InstrumentationActivityInvoker$BootstrapActivity@f2cbb0c in: DESTROYED
08-28 19:52:10.277  8170  8170 V ActivityScenario: Activity lifecycle changed event received but ignored because the intent does not match. startActivityIntent=Intent { act=android.intent.action.MAIN cat=[android.intent.category.LAUNCHER] cmp=com.example.dogglers/.HorizontalListActivity }, activity.getIntent()=Intent { act=android.intent.action.MAIN cat=[android.intent.category.LAUNCHER] flg=0x10008000 cmp=com.example.dogglers/androidx.test.core.app.InstrumentationActivityInvoker$BootstrapActivity (has extras) }, activity=androidx.test.core.app.InstrumentationActivityInvoker$BootstrapActivity@f2cbb0c
08-28 19:52:10.281  8170  8170 D LifecycleMonitor: Lifecycle status change: androidx.test.core.app.InstrumentationActivityInvoker$EmptyActivity@7b57a48 in: PRE_ON_CREATE
08-28 19:52:10.282  8170  8170 V ActivityScenario: Activity lifecycle changed event received but ignored because the intent does not match. startActivityIntent=Intent { act=android.intent.action.MAIN cat=[android.intent.category.LAUNCHER] cmp=com.example.dogglers/.HorizontalListActivity }, activity.getIntent()=Intent { act=android.intent.action.MAIN cat=[android.intent.category.LAUNCHER] flg=0x10000000 cmp=com.example.dogglers/androidx.test.core.app.InstrumentationActivityInvoker$EmptyActivity }, activity=androidx.test.core.app.InstrumentationActivityInvoker$EmptyActivity@7b57a48
08-28 19:52:10.288  8170  8170 D LifecycleMonitor: Lifecycle status change: androidx.test.core.app.InstrumentationActivityInvoker$EmptyActivity@7b57a48 in: CREATED
08-28 19:52:10.289  8170  8170 V ActivityScenario: Activity lifecycle changed event received but ignored because the intent does not match. startActivityIntent=Intent { act=android.intent.action.MAIN cat=[android.intent.category.LAUNCHER] cmp=com.example.dogglers/.HorizontalListActivity }, activity.getIntent()=Intent { act=android.intent.action.MAIN cat=[android.intent.category.LAUNCHER] flg=0x10000000 cmp=com.example.dogglers/androidx.test.core.app.InstrumentationActivityInvoker$EmptyActivity }, activity=androidx.test.core.app.InstrumentationActivityInvoker$EmptyActivity@7b57a48
08-28 19:52:10.293  8170  8170 D LifecycleMonitor: Lifecycle status change: androidx.test.core.app.InstrumentationActivityInvoker$EmptyActivity@7b57a48 in: STARTED
08-28 19:52:10.293  8170  8170 V ActivityScenario: Activity lifecycle changed event received but ignored because the intent does not match. startActivityIntent=Intent { act=android.intent.action.MAIN cat=[android.intent.category.LAUNCHER] cmp=com.example.dogglers/.HorizontalListActivity }, activity.getIntent()=Intent { act=android.intent.action.MAIN cat=[android.intent.category.LAUNCHER] flg=0x10000000 cmp=com.example.dogglers/androidx.test.core.app.InstrumentationActivityInvoker$EmptyActivity }, activity=androidx.test.core.app.InstrumentationActivityInvoker$EmptyActivity@7b57a48
08-28 19:52:10.295  8170  8170 D LifecycleMonitor: Lifecycle status change: androidx.test.core.app.InstrumentationActivityInvoker$EmptyActivity@7b57a48 in: RESUMED
08-28 19:52:10.295  8170  8170 V ActivityScenario: Activity lifecycle changed event received but ignored because the intent does not match. startActivityIntent=Intent { act=android.intent.action.MAIN cat=[android.intent.category.LAUNCHER] cmp=com.example.dogglers/.HorizontalListActivity }, activity.getIntent()=Intent { act=android.intent.action.MAIN cat=[android.intent.category.LAUNCHER] flg=0x10000000 cmp=com.example.dogglers/androidx.test.core.app.InstrumentationActivityInvoker$EmptyActivity }, activity=androidx.test.core.app.InstrumentationActivityInvoker$EmptyActivity@7b57a48
08-28 19:52:10.314   365   365 D goldfish-address-space: claimShared: Ask to claim region [0x3f1cec000 0x3f2690000]
08-28 19:52:10.324   365   365 D goldfish-address-space: claimShared: Ask to claim region [0x3f0000000 0x3f09a4000]
08-28 19:52:10.328   365   365 D goldfish-address-space: claimShared: Ask to claim region [0x3f09a4000 0x3f1348000]
08-28 19:52:10.361   562   606 I ActivityTaskManager: Displayed com.example.dogglers/androidx.test.core.app.InstrumentationActivityInvoker$EmptyActivity: +139ms
08-28 19:52:10.365  8170  8170 D LifecycleMonitor: Lifecycle status change: androidx.test.core.app.InstrumentationActivityInvoker$EmptyActivity@bff9ee2 in: STOPPED
08-28 19:52:10.368  8170  8170 V ActivityScenario: Activity lifecycle changed event received but ignored because the intent does not match. startActivityIntent=Intent { act=android.intent.action.MAIN cat=[android.intent.category.LAUNCHER] cmp=com.example.dogglers/.HorizontalListActivity }, activity.getIntent()=Intent { act=android.intent.action.MAIN cat=[android.intent.category.LAUNCHER] flg=0x10000000 cmp=com.example.dogglers/androidx.test.core.app.InstrumentationActivityInvoker$EmptyActivity }, activity=androidx.test.core.app.InstrumentationActivityInvoker$EmptyActivity@bff9ee2
08-28 19:52:10.373   365   365 D goldfish-address-space: claimShared: Ask to claim region [0x3f2690000 0x3f2cbc000]
08-28 19:52:10.375   922   992 D EGL_emulation: app_time_stats: avg=29.36ms min=1.22ms max=551.35ms count=27
08-28 19:52:10.400  8170  8170 D LifecycleMonitor: Lifecycle status change: androidx.test.core.app.InstrumentationActivityInvoker$EmptyActivity@bff9ee2 in: DESTROYED
08-28 19:52:10.400  8170  8170 V ActivityScenario: Activity lifecycle changed event received but ignored because the intent does not match. startActivityIntent=Intent { act=android.intent.action.MAIN cat=[android.intent.category.LAUNCHER] cmp=com.example.dogglers/.HorizontalListActivity }, activity.getIntent()=Intent { act=android.intent.action.MAIN cat=[android.intent.category.LAUNCHER] flg=0x10000000 cmp=com.example.dogglers/androidx.test.core.app.InstrumentationActivityInvoker$EmptyActivity }, activity=androidx.test.core.app.InstrumentationActivityInvoker$EmptyActivity@bff9ee2
08-28 19:52:10.408   562   601 W InputManager-JNI: Input channel object '5561fb1 com.example.dogglers/androidx.test.core.app.InstrumentationActivityInvoker$EmptyActivity (client)' was disposed without first being removed with the input manager!
08-28 19:52:10.413  8170  8170 D LifecycleMonitor: Lifecycle status change: androidx.test.core.app.InstrumentationActivityInvoker$EmptyActivity@7b57a48 in: PAUSED
08-28 19:52:10.413  8170  8170 V ActivityScenario: Activity lifecycle changed event received but ignored because the intent does not match. startActivityIntent=Intent { act=android.intent.action.MAIN cat=[android.intent.category.LAUNCHER] cmp=com.example.dogglers/.HorizontalListActivity }, activity.getIntent()=Intent { act=android.intent.action.MAIN cat=[android.intent.category.LAUNCHER] flg=0x10000000 cmp=com.example.dogglers/androidx.test.core.app.InstrumentationActivityInvoker$EmptyActivity }, activity=androidx.test.core.app.InstrumentationActivityInvoker$EmptyActivity@7b57a48
08-28 19:52:10.422  8170  8191 I TestRunner: finished: horizontal_scrolling(com.example.dogglers.HorizontalListTests)
