08-28 19:52:10.941  8170  8191 I TestRunner: started: horizontal_scroll_content_at_last_position(com.example.dogglers.HorizontalListTests)
08-28 19:52:10.962  8170  8191 W Settings: Setting always_finish_activities has moved from android.provider.Settings.System to android.provider.Settings.Global, returning read-only value.
08-28 19:52:10.995   922   988 D SplashScreenView: Build android.window.SplashScreenView{f4f7393 V.E...... ......ID 0,0-0,0}
08-28 19:52:10.995   922   988 D SplashScreenView: Icon: view: null drawable: null size: 0
08-28 19:52:10.995   922   988 D SplashScreenView: Branding: view: android.view.View{bd2fd0 G.ED..... ......I. 0,0-0,0 #10204a6 android:id/splashscreen_branding_view} drawable: null size w: 0 h: 0
08-28 19:52:11.017  8170  8170 D LifecycleMonitor: Lifecycle status change: androidx.test.core.app.InstrumentationActivityInvoker$BootstrapActivity@92f4a60 in: PRE_ON_CREATE
08-28 19:52:11.018  8170  8170 V ActivityScenario: Activity lifecycle changed event received but ignored because the intent does not match. startActivityIntent=Intent { act=android.intent.action.MAIN cat=[android.intent.category.LAUNCHER] cmp=com.example.dogglers/.HorizontalListActivity }, activity.getIntent()=Intent { act=android.intent.action.MAIN cat=[android.intent.category.LAUNCHER] flg=0x10008000 cmp=com.example.dogglers/androidx.test.core.app.InstrumentationActivityInvoker$BootstrapActivity (has extras) }, activity=androidx.test.core.app.InstrumentationActivityInvoker$BootstrapActivity@92f4a60
08-28 19:52:11.021   365   405 D goldfish-address-space: claimShared: Ask to claim region [0x3f1cec000 0x3f2690000]
08-28 19:52:11.031   365   405 D goldfish-address-space: claimShared: Ask to claim region [0x3f0000000 0x3f09a4000]
08-28 19:52:11.044  8170  8170 D LifecycleMonitor: Lifecycle status change: androidx.test.core.app.InstrumentationActivityInvoker$BootstrapActivity@92f4a60 in: CREATED
08-28 19:52:11.044  8170  8170 V ActivityScenario: Activity lifecycle changed event received but ignored because the intent does not match. startActivityIntent=Intent { act=android.intent.action.MAIN cat=[android.intent.category.LAUNCHER] cmp=com.example.dogglers/.HorizontalListActivity }, activity.getIntent()=Intent { act=android.intent.action.MAIN cat=[android.intent.category.LAUNCHER] flg=0x10008000 cmp=com.example.dogglers/androidx.test.core.app.InstrumentationActivityInvoker$BootstrapActivity (has extras) }, activity=androidx.test.core.app.InstrumentationActivityInvoker$BootstrapActivity@92f4a60
08-28 19:52:11.048   365   405 D goldfish-address-space: claimShared: Ask to claim region [0x3f09a4000 0x3f1348000]
08-28 19:52:11.048  8170  8170 D LifecycleMonitor: Lifecycle status change: androidx.test.core.app.InstrumentationActivityInvoker$BootstrapActivity@92f4a60 in: STARTED
08-28 19:52:11.048  8170  8170 V ActivityScenario: Activity lifecycle changed event received but ignored because the intent does not match. startActivityIntent=Intent { act=android.intent.action.MAIN cat=[android.intent.category.LAUNCHER] cmp=com.example.dogglers/.HorizontalListActivity }, activity.getIntent()=Intent { act=android.intent.action.MAIN cat=[android.intent.category.LAUNCHER] flg=0x10008000 cmp=com.example.dogglers/androidx.test.core.app.InstrumentationActivityInvoker$BootstrapActivity (has extras) }, activity=androidx.test.core.app.InstrumentationActivityInvoker$BootstrapActivity@92f4a60
08-28 19:52:11.060  8170  8170 D LifecycleMonitor: Lifecycle status change: androidx.test.core.app.InstrumentationActivityInvoker$BootstrapActivity@92f4a60 in: RESUMED
08-28 19:52:11.060  8170  8170 V ActivityScenario: Activity lifecycle changed event received but ignored because the intent does not match. startActivityIntent=Intent { act=android.intent.action.MAIN cat=[android.intent.category.LAUNCHER] cmp=com.example.dogglers/.HorizontalListActivity }, activity.getIntent()=Intent { act=android.intent.action.MAIN cat=[android.intent.category.LAUNCHER] flg=0x10008000 cmp=com.example.dogglers/androidx.test.core.app.InstrumentationActivityInvoker$BootstrapActivity (has extras) }, activity=androidx.test.core.app.InstrumentationActivityInvoker$BootstrapActivity@92f4a60
08-28 19:52:11.062  8170  8170 D LifecycleMonitor: Lifecycle status change: androidx.test.core.app.InstrumentationActivityInvoker$BootstrapActivity@92f4a60 in: PAUSED
08-28 19:52:11.062  8170  8170 V ActivityScenario: Activity lifecycle changed event received but ignored because the intent does not match. startActivityIntent=Intent { act=android.intent.action.MAIN cat=[android.intent.category.LAUNCHER] cmp=com.example.dogglers/.HorizontalListActivity }, activity.getIntent()=Intent { act=android.intent.action.MAIN cat=[android.intent.category.LAUNCHER] flg=0x10008000 cmp=com.example.dogglers/androidx.test.core.app.InstrumentationActivityInvoker$BootstrapActivity (has extras) }, activity=androidx.test.core.app.InstrumentationActivityInvoker$BootstrapActivity@92f4a60
08-28 19:52:11.076  8170  8170 D LifecycleMonitor: Lifecycle status change: com.example.dogglers.HorizontalListActivity@de513ea in: PRE_ON_CREATE
08-28 19:52:11.076  8170  8170 V ActivityScenario: Activity lifecycle changed event received but ignored because the reported transition was not ON_CREATE while the last known transition was PRE_ON_CREATE
08-28 19:52:11.096  8170  8170 D LifecycleMonitor: Lifecycle status change: com.example.dogglers.HorizontalListActivity@de513ea in: CREATED
08-28 19:52:11.096  8170  8170 V ActivityScenario: Update currentActivityStage to CREATED, currentActivity=com.example.dogglers.HorizontalListActivity@de513ea
08-28 19:52:11.099  8170  8170 D LifecycleMonitor: Lifecycle status change: com.example.dogglers.HorizontalListActivity@de513ea in: STARTED
08-28 19:52:11.099  8170  8170 V ActivityScenario: Update currentActivityStage to STARTED, currentActivity=com.example.dogglers.HorizontalListActivity@de513ea
08-28 19:52:11.101  8170  8170 D LifecycleMonitor: Lifecycle status change: com.example.dogglers.HorizontalListActivity@de513ea in: RESUMED
08-28 19:52:11.101  8170  8170 V ActivityScenario: Update currentActivityStage to RESUMED, currentActivity=com.example.dogglers.HorizontalListActivity@de513ea
08-28 19:52:11.112  2241  2241 I GsaVoiceInteractionSrv: Handling ACTION_STOP_HOTWORD
08-28 19:52:11.112  2241  2241 E HwDetectorWithState: a: 3
08-28 19:52:11.151   365   405 D goldfish-address-space: claimShared: Ask to claim region [0x3f6690000 0x3f7034000]
08-28 19:52:11.176   365   405 D goldfish-address-space: claimShared: Ask to claim region [0x3f7034000 0x3f79d8000]
08-28 19:52:11.180   365   405 D goldfish-address-space: claimShared: Ask to claim region [0x3f9e90000 0x3fa834000]
08-28 19:52:11.203   562   606 I ActivityTaskManager: Displayed com.example.dogglers/.HorizontalListActivity: +221ms
08-28 19:52:11.210  8170  8170 D RootViewPicker: Root not ready - waiting: 10ms for one to appear.
08-28 19:52:11.227  1619  1619 I GoogleInputMethodService: GoogleInputMethodService.onFinishInput():3420
08-28 19:52:11.228  1619  1619 I GoogleInputMethodService: GoogleInputMethodService.onStartInput():2002
08-28 19:52:11.229  1619  1619 I DeviceUnlockedTag: DeviceUnlockedTag.notifyDeviceLockStatusChanged():31 Notify device unlocked.
08-28 19:52:11.264  8170  8170 I ViewInteraction: Performing 'scroll RecyclerView to position: 5' action on view view.getId() is <2131230945/com.example.dogglers:id/horizontal_recycler_view>
08-28 19:52:11.320  8170  8170 I ViewInteraction: Checking 'MatchesViewAssertion{viewMatcher=(view has effective visibility <VISIBLE> and view.getGlobalVisibleRect() to return non-empty rectangle)}' assertion on view an instance of android.widget.TextView and view.getText() with or without transformation to match: is "Bella"
08-28 19:52:11.333  8170  8170 D LifecycleMonitor: Lifecycle status change: com.example.dogglers.HorizontalListActivity@de513ea in: PAUSED
08-28 19:52:11.334  8170  8170 V ActivityScenario: Update currentActivityStage to PAUSED, currentActivity=com.example.dogglers.HorizontalListActivity@de513ea
08-28 19:52:11.348  8170  8170 D LifecycleMonitor: Lifecycle status change: androidx.test.core.app.InstrumentationActivityInvoker$EmptyActivity@87971e4 in: PRE_ON_CREATE
08-28 19:52:11.348  8170  8170 V ActivityScenario: Activity lifecycle changed event received but ignored because the intent does not match. startActivityIntent=Intent { act=android.intent.action.MAIN cat=[android.intent.category.LAUNCHER] cmp=com.example.dogglers/.HorizontalListActivity }, activity.getIntent()=Intent { act=android.intent.action.MAIN cat=[android.intent.category.LAUNCHER] flg=0x10000000 cmp=com.example.dogglers/androidx.test.core.app.InstrumentationActivityInvoker$EmptyActivity }, activity=androidx.test.core.app.InstrumentationActivityInvoker$EmptyActivity@87971e4
08-28 19:52:11.357  8170  8170 D LifecycleMonitor: Lifecycle status change: androidx.test.core.app.InstrumentationActivityInvoker$EmptyActivity@87971e4 in: CREATED
08-28 19:52:11.359  8170  8170 V ActivityScenario: Activity lifecycle changed event received but ignored because the intent does not match. startActivityIntent=Intent { act=android.intent.action.MAIN cat=[android.intent.category.LAUNCHER] cmp=com.example.dogglers/.HorizontalListActivity }, activity.getIntent()=Intent { act=android.intent.action.MAIN cat=[android.intent.category.LAUNCHER] flg=0x10000000 cmp=com.example.dogglers/androidx.test.core.app.InstrumentationActivityInvoker$EmptyActivity }, activity=androidx.test.core.app.InstrumentationActivityInvoker$EmptyActivity@87971e4
08-28 19:52:11.360  8170  8170 D LifecycleMonitor: Lifecycle status change: androidx.test.core.app.InstrumentationActivityInvoker$EmptyActivity@87971e4 in: STARTED
08-28 19:52:11.361  8170  8170 V ActivityScenario: Activity lifecycle changed event received but ignored because the intent does not match. startActivityIntent=Intent { act=android.intent.action.MAIN cat=[android.intent.category.LAUNCHER] cmp=com.example.dogglers/.HorizontalListActivity }, activity.getIntent()=Intent { act=android.intent.action.MAIN cat=[android.intent.category.LAUNCHER] flg=0x10000000 cmp=com.example.dogglers/androidx.test.core.app.InstrumentationActivityInvoker$EmptyActivity }, activity=androidx.test.core.app.InstrumentationActivityInvoker$EmptyActivity@87971e4
08-28 19:52:11.363  8170  8170 D LifecycleMonitor: Lifecycle status change: androidx.test.core.app.InstrumentationActivityInvoker$EmptyActivity@87971e4 in: RESUMED
08-28 19:52:11.364  8170  8170 V ActivityScenario: Activity lifecycle changed event received but ignored because the intent does not match. startActivityIntent=Intent { act=android.intent.action.MAIN cat=[android.intent.category.LAUNCHER] cmp=com.example.dogglers/.HorizontalListActivity }, activity.getIntent()=Intent { act=android.intent.action.MAIN cat=[android.intent.category.LAUNCHER] flg=0x10000000 cmp=com.example.dogglers/androidx.test.core.app.InstrumentationActivityInvoker$EmptyActivity }, activity=androidx.test.core.app.InstrumentationActivityInvoker$EmptyActivity@87971e4
08-28 19:52:11.386   365   405 D goldfish-address-space: claimShared: Ask to claim region [0x3f4000000 0x3f49a4000]
08-28 19:52:11.393   922   992 D EGL_emulation: app_time_stats: avg=29.21ms min=1.82ms max=597.79ms count=23
08-28 19:52:11.397   365   405 D goldfish-address-space: claimShared: Ask to claim region [0x3f49a4000 0x3f5348000]
08-28 19:52:11.400   365   405 D goldfish-address-space: claimShared: Ask to claim region [0x3f5348000 0x3f5cec000]
08-28 19:52:11.441   562   610 W InputManager-JNI: Input channel object '50051a9 Splash Screen com.example.dogglers (client)' was disposed without first being removed with the input manager!
08-28 19:52:11.443   562   606 I ActivityTaskManager: Displayed com.example.dogglers/androidx.test.core.app.InstrumentationActivityInvoker$EmptyActivity: +113ms
08-28 19:52:11.457  8170  8170 D LifecycleMonitor: Lifecycle status change: com.example.dogglers.HorizontalListActivity@de513ea in: STOPPED
08-28 19:52:11.457  8170  8170 V ActivityScenario: Update currentActivityStage to STOPPED, currentActivity=com.example.dogglers.HorizontalListActivity@de513ea
08-28 19:52:11.459  8170  8170 D LifecycleMonitor: Lifecycle status change: androidx.test.core.app.InstrumentationActivityInvoker$BootstrapActivity@92f4a60 in: STOPPED
08-28 19:52:11.460  8170  8170 V ActivityScenario: Activity lifecycle changed event received but ignored because the intent does not match. startActivityIntent=Intent { act=android.intent.action.MAIN cat=[android.intent.category.LAUNCHER] cmp=com.example.dogglers/.HorizontalListActivity }, activity.getIntent()=Intent { act=android.intent.action.MAIN cat=[android.intent.category.LAUNCHER] flg=0x10008000 cmp=com.example.dogglers/androidx.test.core.app.InstrumentationActivityInvoker$BootstrapActivity (has extras) }, activity=androidx.test.core.app.InstrumentationActivityInvoker$BootstrapActivity@92f4a60
08-28 19:52:11.467  8170  8170 D LifecycleMonitor: Lifecycle status change: com.example.dogglers.HorizontalListActivity@de513ea in: DESTROYED
08-28 19:52:11.468  8170  8170 V ActivityScenario: Update currentActivityStage to DESTROYED, currentActivity=null
08-28 19:52:11.472   562  1803 W InputManager-JNI: Input channel object '1e2b0b6 com.example.dogglers/com.example.dogglers.HorizontalListActivity (client)' was disposed without first being removed with the input manager!
08-28 19:52:11.479  1619  1619 I GoogleInputMethodService: GoogleInputMethodService.onFinishInput():3420
08-28 19:52:11.479  1619  1619 I GoogleInputMethodService: GoogleInputMethodService.onStartInput():2002
08-28 19:52:11.481  1619  1619 I DeviceUnlockedTag: DeviceUnlockedTag.notifyDeviceLockStatusChanged():31 Notify device unlocked.
08-28 19:52:11.494  8170  8170 D LifecycleMonitor: Lifecycle status change: androidx.test.core.app.InstrumentationActivityInvoker$EmptyActivity@87971e4 in: PAUSED
08-28 19:52:11.495  8170  8170 V ActivityScenario: Activity lifecycle changed event received but ignored because the intent does not match. startActivityIntent=Intent { act=android.intent.action.MAIN cat=[android.intent.category.LAUNCHER] cmp=com.example.dogglers/.HorizontalListActivity }, activity.getIntent()=Intent { act=android.intent.action.MAIN cat=[android.intent.category.LAUNCHER] flg=0x10000000 cmp=com.example.dogglers/androidx.test.core.app.InstrumentationActivityInvoker$EmptyActivity }, activity=androidx.test.core.app.InstrumentationActivityInvoker$EmptyActivity@87971e4
08-28 19:52:11.501  8170  8170 D LifecycleMonitor: Lifecycle status change: androidx.test.core.app.InstrumentationActivityInvoker$BootstrapActivity@92f4a60 in: DESTROYED
08-28 19:52:11.503  8170  8170 V ActivityScenario: Activity lifecycle changed event received but ignored because the intent does not match. startActivityIntent=Intent { act=android.intent.action.MAIN cat=[android.intent.category.LAUNCHER] cmp=com.example.dogglers/.HorizontalListActivity }, activity.getIntent()=Intent { act=android.intent.action.MAIN cat=[android.intent.category.LAUNCHER] flg=0x10008000 cmp=com.example.dogglers/androidx.test.core.app.InstrumentationActivityInvoker$BootstrapActivity (has extras) }, activity=androidx.test.core.app.InstrumentationActivityInvoker$BootstrapActivity@92f4a60
08-28 19:52:11.509  8170  8170 D LifecycleMonitor: Lifecycle status change: androidx.test.core.app.InstrumentationActivityInvoker$EmptyActivity@db43c8b in: PRE_ON_CREATE
08-28 19:52:11.510  8170  8170 V ActivityScenario: Activity lifecycle changed event received but ignored because the intent does not match. startActivityIntent=Intent { act=android.intent.action.MAIN cat=[android.intent.category.LAUNCHER] cmp=com.example.dogglers/.HorizontalListActivity }, activity.getIntent()=Intent { act=android.intent.action.MAIN cat=[android.intent.category.LAUNCHER] flg=0x10000000 cmp=com.example.dogglers/androidx.test.core.app.InstrumentationActivityInvoker$EmptyActivity }, activity=androidx.test.core.app.InstrumentationActivityInvoker$EmptyActivity@db43c8b
08-28 19:52:11.517  8170  8170 D LifecycleMonitor: Lifecycle status change: androidx.test.core.app.InstrumentationActivityInvoker$EmptyActivity@db43c8b in: CREATED
08-28 19:52:11.517  8170  8170 V ActivityScenario: Activity lifecycle changed event received but ignored because the intent does not match. startActivityIntent=Intent { act=android.intent.action.MAIN cat=[android.intent.category.LAUNCHER] cmp=com.example.dogglers/.HorizontalListActivity }, activity.getIntent()=Intent { act=android.intent.action.MAIN cat=[android.intent.category.LAUNCHER] flg=0x10000000 cmp=com.example.dogglers/androidx.test.core.app.InstrumentationActivityInvoker$EmptyActivity }, activity=androidx.test.core.app.InstrumentationActivityInvoker$EmptyActivity@db43c8b
08-28 19:52:11.519  8170  8170 D LifecycleMonitor: Lifecycle status change: androidx.test.core.app.InstrumentationActivityInvoker$EmptyActivity@db43c8b in: STARTED
08-28 19:52:11.520  8170  8170 V ActivityScenario: Activity lifecycle changed event received but ignored because the intent does not match. startActivityIntent=Intent { act=android.intent.action.MAIN cat=[android.intent.category.LAUNCHER] cmp=com.example.dogglers/.HorizontalListActivity }, activity.getIntent()=Intent { act=android.intent.action.MAIN cat=[android.intent.category.LAUNCHER] flg=0x10000000 cmp=com.example.dogglers/androidx.test.core.app.InstrumentationActivityInvoker$EmptyActivity }, activity=androidx.test.core.app.InstrumentationActivityInvoker$EmptyActivity@db43c8b
08-28 19:52:11.521  8170  8170 D LifecycleMonitor: Lifecycle status change: androidx.test.core.app.InstrumentationActivityInvoker$EmptyActivity@db43c8b in: RESUMED
08-28 19:52:11.522  8170  8170 V ActivityScenario: Activity lifecycle changed event received but ignored because the intent does not match. startActivityIntent=Intent { act=android.intent.action.MAIN cat=[android.intent.category.LAUNCHER] cmp=com.example.dogglers/.HorizontalListActivity }, activity.getIntent()=Intent { act=android.intent.action.MAIN cat=[android.intent.category.LAUNCHER] flg=0x10000000 cmp=com.example.dogglers/androidx.test.core.app.InstrumentationActivityInvoker$EmptyActivity }, activity=androidx.test.core.app.InstrumentationActivityInvoker$EmptyActivity@db43c8b
08-28 19:52:11.537   365   405 D goldfish-address-space: claimShared: Ask to claim region [0x3f32e8000 0x3f3c8c000]
08-28 19:52:11.545   365   405 D goldfish-address-space: claimShared: Ask to claim region [0x3f0000000 0x3f09a4000]
08-28 19:52:11.549   365   405 D goldfish-address-space: claimShared: Ask to claim region [0x3f09a4000 0x3f1348000]
08-28 19:52:11.556   562   606 I ActivityTaskManager: Displayed com.example.dogglers/androidx.test.core.app.InstrumentationActivityInvoker$EmptyActivity: +96ms
08-28 19:52:11.562  8170  8170 D LifecycleMonitor: Lifecycle status change: androidx.test.core.app.InstrumentationActivityInvoker$EmptyActivity@87971e4 in: STOPPED
08-28 19:52:11.562  8170  8170 V ActivityScenario: Activity lifecycle changed event received but ignored because the intent does not match. startActivityIntent=Intent { act=android.intent.action.MAIN cat=[android.intent.category.LAUNCHER] cmp=com.example.dogglers/.HorizontalListActivity }, activity.getIntent()=Intent { act=android.intent.action.MAIN cat=[android.intent.category.LAUNCHER] flg=0x10000000 cmp=com.example.dogglers/androidx.test.core.app.InstrumentationActivityInvoker$EmptyActivity }, activity=androidx.test.core.app.InstrumentationActivityInvoker$EmptyActivity@87971e4
08-28 19:52:11.574   365   405 D goldfish-address-space: claimShared: Ask to claim region [0x3f1348000 0x3f1974000]
08-28 19:52:11.586  8170  8170 D LifecycleMonitor: Lifecycle status change: androidx.test.core.app.InstrumentationActivityInvoker$EmptyActivity@87971e4 in: DESTROYED
08-28 19:52:11.586  8170  8170 V ActivityScenario: Activity lifecycle changed event received but ignored because the intent does not match. startActivityIntent=Intent { act=android.intent.action.MAIN cat=[android.intent.category.LAUNCHER] cmp=com.example.dogglers/.HorizontalListActivity }, activity.getIntent()=Intent { act=android.intent.action.MAIN cat=[android.intent.category.LAUNCHER] flg=0x10000000 cmp=com.example.dogglers/androidx.test.core.app.InstrumentationActivityInvoker$EmptyActivity }, activity=androidx.test.core.app.InstrumentationActivityInvoker$EmptyActivity@87971e4
08-28 19:52:11.594   562   601 W InputManager-JNI: Input channel object 'abcebd8 com.example.dogglers/androidx.test.core.app.InstrumentationActivityInvoker$EmptyActivity (client)' was disposed without first being removed with the input manager!
08-28 19:52:11.602  8170  8170 D LifecycleMonitor: Lifecycle status change: androidx.test.core.app.InstrumentationActivityInvoker$EmptyActivity@db43c8b in: PAUSED
08-28 19:52:11.602  8170  8170 V ActivityScenario: Activity lifecycle changed event received but ignored because the intent does not match. startActivityIntent=Intent { act=android.intent.action.MAIN cat=[android.intent.category.LAUNCHER] cmp=com.example.dogglers/.HorizontalListActivity }, activity.getIntent()=Intent { act=android.intent.action.MAIN cat=[android.intent.category.LAUNCHER] flg=0x10000000 cmp=com.example.dogglers/androidx.test.core.app.InstrumentationActivityInvoker$EmptyActivity }, activity=androidx.test.core.app.InstrumentationActivityInvoker$EmptyActivity@db43c8b
08-28 19:52:11.610  8170  8191 I TestRunner: finished: horizontal_scroll_content_at_last_position(com.example.dogglers.HorizontalListTests)
